// Jest Snapshot v1, https://goo.gl/fbAQLP

exports[`COMPONENT - Loading renders correctly 1`] = `
<div
  className="StyledBox-sc-13pk1d4-0 hUosMD"
>
  <h3
    className="sc-bdVaJa hFrVFs StyledHeading-sc-1rdh4aw-0 gRvHvF"
  >
    Loading...
  </h3>
</div>
`;
