// Jest Snapshot v1, https://goo.gl/fbAQLP

exports[`COMPONENT - Layout Heading renders correctly 1`] = `
<h1
  className="sc-bdVaJa hFrVFs StyledHeading-sc-1rdh4aw-0 jVpYfH"
/>
`;
