// Jest Snapshot v1, https://goo.gl/fbAQLP

exports[`COMPONENT - Layout Page renders correctly 1`] = `
<section
  className="sc-bdVaJa bBGsNk"
/>
`;
