// Jest Snapshot v1, https://goo.gl/fbAQLP

exports[`COMPONENT - Layout Paragraph renders correctly 1`] = `
<p
  className="sc-bdVaJa kjwAVT"
/>
`;
