// Jest Snapshot v1, https://goo.gl/fbAQLP

exports[`COMPONENT - ScrollToFormikError renders correctly 1`] = `null`;
