// Jest Snapshot v1, https://goo.gl/fbAQLP

exports[`COMPONENT - Header renders correctly 1`] = `
<div
  className="StyledGrommet-sc-19lkkz7-0 eUfLDp"
>
  <div
    className="StyledBox-sc-13pk1d4-0 bNlcVt"
  >
    <img
      alt="randstad logo"
      src="/image/logo.svg"
    />
  </div>
</div>
`;
