// Jest Snapshot v1, https://goo.gl/fbAQLP

exports[`COMPONENT - SurveyButton LinkButton renders correctly 1`] = `
<a
  href="/"
  onClick={[Function]}
>
  <div
    className="StyledGrommet-sc-19lkkz7-0 eUfLDp"
  >
    <button
      className="StyledButton-sc-323bzc-0 hlJKLl"
      onBlur={[Function]}
      onFocus={[Function]}
      onMouseOut={[Function]}
      onMouseOver={[Function]}
      size="large"
      type="button"
    />
  </div>
</a>
`;
