// Jest Snapshot v1, https://goo.gl/fbAQLP

exports[`COMPONENT - SurveyField ShortInputField renders correctly 1`] = `
<div
  className="sc-bdVaJa fIyeZW FormField__FormFieldBox-m9hood-0 eshLKp StyledBox-sc-13pk1d4-0 CAsMy"
>
  <label
    className="StyledText-sc-1sadyjn-0 bMXxti"
  >
    Question content
  </label>
  <div
    className="StyledBox-sc-13pk1d4-0 gZSidW"
  >
    <div
      className="StyledTextInput__StyledTextInputContainer-sc-1x30a0s-1 yIdXy"
    >
      <input
        autoComplete="off"
        className="StyledTextInput-sc-1x30a0s-0 bYBgFP"
        onBlur={[Function]}
        onChange={[Function]}
        onFocus={[Function]}
        onKeyDown={[Function]}
      />
    </div>
  </div>
</div>
`;
