// Jest Snapshot v1, https://goo.gl/fbAQLP

exports[`COMPONENT - SurveyField StyledFormField renders correctly 1`] = `
<div
  className="sc-bdVaJa fEguSI FormField__FormFieldBox-m9hood-0 eshLKp StyledBox-sc-13pk1d4-0 CAsMy"
>
  <div
    className="StyledBox-sc-13pk1d4-0 gZSidW"
  />
</div>
`;
