// Jest Snapshot v1, https://goo.gl/fbAQLP

exports[`COMPONENT - SurveyField renders correctly 1`] = `
<div
  className="StyledGrommet-sc-19lkkz7-0 eUfLDp"
>
  <div
    className="sc-bxivhb fpvsvs"
  >
    <div
      className="FormField__FormFieldBox-m9hood-0 OcTuP StyledBox-sc-13pk1d4-0 CAsMy"
    >
      <label
        className="StyledText-sc-1sadyjn-0 bMXxti"
      >
        Question content
      </label>
      <div
        className="StyledBox-sc-13pk1d4-0 gZSidW"
      />
    </div>
  </div>
</div>
`;
