// Jest Snapshot v1, https://goo.gl/fbAQLP

exports[`COMPONENT - SurveyField YesNoField renders correctly 1`] = `
<div
  className="sc-ifAKCX ittBkw FormField__FormFieldBox-m9hood-0 eshLKp StyledBox-sc-13pk1d4-0 CAsMy"
>
  <label
    className="StyledText-sc-1sadyjn-0 bMXxti"
  >
    Question content
  </label>
  <div
    className="StyledBox-sc-13pk1d4-0 gZSidW"
  >
    <div
      className="sc-bxivhb iPHzoF"
    >
      <input
        className="sc-bdVaJa kRURFE"
        id="test123"
        name="fieldName"
        type="radio"
        value="test"
      />
      <label
        className="sc-htpNat kHxLtm"
        htmlFor="test123"
      >
        label-test
      </label>
    </div>
  </div>
</div>
`;
