// Jest Snapshot v1, https://goo.gl/fbAQLP

exports[`COMPONENT - SurveyField RatingField renders correctly 1`] = `null`;
