// Jest Snapshot v1, https://goo.gl/fbAQLP

exports[`COMPONENT - SurveyField SelectField renders correctly 1`] = `null`;
