// Jest Snapshot v1, https://goo.gl/fbAQLP

exports[`COMPONENT - SurveyField ShortInputField renders correctly 1`] = `null`;
