// Jest Snapshot v1, https://goo.gl/fbAQLP

exports[`COMPONENT - Survey renders correctly 1`] = `
<div
  className="StyledBox-sc-13pk1d4-0 hUosMD"
>
  <h4
    className="StyledHeading-sc-1rdh4aw-0 hlZfma"
  >
    Loading...
  </h4>
</div>
`;
