// Jest Snapshot v1, https://goo.gl/fbAQLP

exports[`COMPONENT - CustomRadioButton InputRadio renders correctly 1`] = `
<input
  className="sc-bdVaJa dVPTsP"
/>
`;
