// Jest Snapshot v1, https://goo.gl/fbAQLP

exports[`COMPONENT - App Container renders correctly 1`] = `
<div
  className="sc-bdVaJa ebpHPz"
/>
`;
