// Jest Snapshot v1, https://goo.gl/fbAQLP

exports[`COMPONENT - App Main renders correctly 1`] = `
<main
  className="sc-bdVaJa RdYzA"
/>
`;
